✓ Initialized. View run at 
https://modal.com/apps/cril-nlp/main/ap-oV217EjgtghwUR8pwLOyZt
✓ Created objects.
├── 🔨 Created mount 
│   /media/naim/encrypted_drive/project/uncertainty_hallucination/analyse_hf.py
├── 🔨 Created function dispersion.
├── 🔨 Created function uq_panel.
├── 🔨 Created function uq_panel_correctness.
├── 🔨 Created function ensemble_disagreement.
├── 🔨 Created function layer_sweep.
├── 🔨 Created function decoder_frame.
├── 🔨 Created function report.
└── 🔨 Created function cells.

##### llama3_8b / chaosnli
3000 items | H=(3000, 4096) | layer=32 arm=correct
  annot-entropy mean=0.6548 std=0.2281  pcts 0/5/25/50/75/95/100 = 0.000/0.224/0.517/0.685/0.807/1.004/1.098
  frac within +/-0.1 of median: 0.379  (high => concentrated target, rho is weakly identified)

=== per-tau verdict (never averaged over tau) ===
Stopping app - local entrypoint completed.
   tau  med max_m  r(W,size)    rho(W)  rho(size)     gain      pooled 95% CI  seedSD  status
  5.00     0.1836     0.9546   -0.1827    -0.1849  -0.0022 [-0.0162,+0.0121]  0.0087  tie -> W is a size readout (CI spans 0)
 10.00     0.0745     0.8247   -0.1812    -0.1849  -0.0038 [-0.0194,+0.0120]  0.0151  tie -> W is a size readout (CI spans 0)
 25.00     0.0318     0.5025   -0.1714    -0.1849  -0.0135 [-0.0336,+0.0060]  0.0260  tie -> W is a size readout (CI spans 0)

informative taus (max-mass <= 0.90 AND r(W,size_only) <= 0.98): [5.0, 10.0, 25.0]
✓ App completed. View run at 
https://modal.com/apps/cril-nlp/main/ap-oV217EjgtghwUR8pwLOyZt
