✓ Initialized. View run at 
https://modal.com/apps/cril-nlp/main/ap-33yvi6iSjAfUgHuBTj5J3O
✓ Created objects.
├── 🔨 Created mount 
│   /media/naim/encrypted_drive/project/uncertainty_hallucination/analyse_hf.py
├── 🔨 Created function dispersion.
├── 🔨 Created function uq_panel.
├── 🔨 Created function uq_panel_correctness.
├── 🔨 Created function ensemble_disagreement.
├── 🔨 Created function layer_sweep.
├── 🔨 Created function decoder_frame.
├── 🔨 Created function report.
└── 🔨 Created function cells.

##### qwen2_5_7b / chaosnli_alpha
1532 items | H=(1532, 3584) | layer=28 arm=correct
  annot-entropy mean=0.2872 std=0.2182  pcts 0/5/25/50/75/95/100 = 0.000/-0.000/0.098/0.227/0.471/0.680/0.693
  frac within +/-0.1 of median: 0.343  (high => concentrated target, rho is weakly identified)

=== per-tau verdict (never averaged over tau) ===
   tau  med max_m  r(W,size)    rho(W)  rho(size)     gain      pooled 95% CI  seedSD  status
  5.00     0.7924     0.9919   +0.0147    +0.0172  +0.0052 [-0.0111,+0.0150]  0.0029  UNINFORMATIVE (W == size_only algebraically)
 10.00     0.2343     0.9492   +0.0114    +0.0172  +0.0013 [-0.0192,+0.0202]  0.0057  tie -> W is a size readout (CI spans 0)
 25.00     0.0336     0.7628   -0.0083    +0.0172  +0.0228 [-0.0194,+0.0456]  0.0072  tie -> W is a size readout (CI spans 0)

informative taus (max-mass <= 0.90 AND r(W,size_only) <= 0.98): [10.0, 25.0]
Stopping app - local entrypoint completed.
✓ App completed. View run at 
https://modal.com/apps/cril-nlp/main/ap-33yvi6iSjAfUgHuBTj5J3O
