✓ Initialized. View run at 
https://modal.com/apps/cril-nlp/main/ap-2GB506EBqmD4gUeClnCrPK
✓ Created objects.
├── 🔨 Created mount 
│   /media/naim/encrypted_drive/project/uncertainty_hallucination/analyse_hf.py
├── 🔨 Created function dispersion.
├── 🔨 Created function uq_panel.
├── 🔨 Created function uq_panel_correctness.
├── 🔨 Created function ensemble_disagreement.
├── 🔨 Created function decoder_frame.
├── 🔨 Created function report.
├── 🔨 Created function layer_sweep.
└── 🔨 Created function cells.

##### qwen2_5_7b / pavlick_nli
496 items | H=(496, 3584) | layer=28 arm=correct
  annot-entropy mean=0.9193 std=0.4176  pcts 0/5/25/50/75/95/100 = 0.000/0.168/0.612/1.019/1.255/1.463/1.584
  frac within +/-0.1 of median: 0.153  (high => concentrated target, rho is weakly identified)

=== per-tau verdict (never averaged over tau) ===
Stopping app - local entrypoint completed.
   tau  med max_m  r(W,size)    rho(W)  rho(size)     gain      pooled 95% CI  seedSD  status
  5.00     0.4634     0.9730   -0.3767    -0.3029  +0.0738 [+0.0442,+0.1021]  0.0249  W BEATS density null (pooled CI>0, all seeds agree)
 10.00     0.1251     0.8759   -0.3878    -0.3029  +0.0849 [+0.0374,+0.1290]  0.0374  W BEATS density null (pooled CI>0, all seeds agree)
 25.00     0.0332     0.5576   -0.3100    -0.3029  +0.0071 [-0.0632,+0.0794]  0.0160  tie -> W is a size readout (CI spans 0)

informative taus (max-mass <= 0.90 AND r(W,size_only) <= 0.98): [5.0, 10.0, 25.0]
✓ App completed. View run at 
https://modal.com/apps/cril-nlp/main/ap-2GB506EBqmD4gUeClnCrPK
