✓ Initialized. View run at 
https://modal.com/apps/cril-nlp/main/ap-mreM5ow4WJUUlO4EsU9hlv
✓ Created objects.
├── 🔨 Created mount 
│   /media/naim/encrypted_drive/project/uncertainty_hallucination/analyse_hf.py
├── 🔨 Created function dispersion.
├── 🔨 Created function uq_panel.
├── 🔨 Created function uq_panel_correctness.
├── 🔨 Created function ensemble_disagreement.
├── 🔨 Created function layer_sweep.
├── 🔨 Created function decoder_frame.
├── 🔨 Created function report.
└── 🔨 Created function cells.

##### qwen2_5_7b / chaosnli
3000 items | layer=28 arm=correct tau=10.0

metric             group          rho               95% CI    |rho|
credal_width       mass       -0.2718 [-0.3065,-0.2379]   0.2718
knn_dist           density    +0.2486 [+0.2165,+0.2822]   0.2486
size_only          density    -0.2477 [-0.2816,-0.2134]   0.2477
pred_margin        token      -0.1940 [-0.2259,-0.1611]   0.1940
pred_maxprob       token      -0.1743 [-0.2058,-0.1417]   0.1743
one_minus_max      mass       -0.1534 [-0.1907,-0.1189]   0.1534
neg_mean_logprob   token      +0.1043 [+0.0705,+0.1387]   0.1043
pred_entropy       token      -0.0953 [-0.1274,-0.0629]   0.0953
mass_entropy       mass       -0.0929 [-0.1283,-0.0592]   0.0929

=== credal_width vs each baseline (paired bootstrap of the difference in |rho|) ===
  vs mass_entropy       gain=+0.1789 [+0.1332,+0.2246]  W better
  vs one_minus_max      gain=+0.1185 [+0.0896,+0.1434]  W better
  vs size_only          gain=+0.0241 [+0.0114,+0.0355]  W better
  vs knn_dist           gain=+0.0232 [+0.0085,+0.0361]  W better
  vs pred_entropy       gain=+0.1766 [+0.1180,+0.2389]  W better
  vs pred_maxprob       gain=+0.0975 [+0.0430,+0.1546]  W better
  vs pred_margin        gain=+0.0778 [+0.0233,+0.1337]  W better
  vs neg_mean_logprob   gain=+0.1675 [+0.1461,+0.1885]  W better
Stopping app - local entrypoint completed.
✓ App completed. View run at 
https://modal.com/apps/cril-nlp/main/ap-mreM5ow4WJUUlO4EsU9hlv
